
> next-miratekstil@0.1.0 build
> next build

node.exe : ÔÜá `eslin
t` configuration in n
ext.config.ts is no l
onger supported. See 
more info here: https
://nextjs.org/docs/ap
p/api-reference/cli/n
ext#next-lint-options
At line:1 char:1
+ & "C:\Program Files
\nodejs/node.exe" "C:
\Program Files\nodejs
/node_mo ...
+ ~~~~~~~~~~~~~~~~~~~
~~~~~~~~~~~~~~~~~~~~~
~~~~~~~~~~~~~~~~~~~~~
~~~~~~~~
    + CategoryInfo   
           : NotSpe  
  cified: (ÔÜá `es   
 lint` co...xt-li    
nt-options:Strin    g
) [], RemoteExc    ep
tion
    + FullyQualified 
   ErrorId : Native  
  CommandError
 
ÔÜá Invalid next.conf
ig.ts options detecte
d: 
ÔÜá     Unrecognized 
key(s) in object: 'es
lint'
ÔÜá See more info her
e: https://nextjs.org
/docs/messages/invali
d-next-config
ÔÜá Warning: Next.js 
inferred your workspa
ce root, but it may n
ot be correct.
 We detected multiple
 lockfiles and select
ed the directory of C
:\Users\Server\packag
e-lock.json as the ro
ot directory.
 To silence this warn
ing, set `turbopack.r
oot` in your Next.js 
config, or consider r
emoving one of the lo
ckfiles if it's not n
eeded.
   See https://nextjs
.org/docs/app/api-ref
erence/config/next-co
nfig-js/turbopack#roo
t-directory for more 
information.
 Detected additional 
lockfiles: 
   * C:\Users\Server\
Downloads\miratekstil
-e-commerce (5)\next-
miratekstil\package-l
ock.json
   * C:\Users\Server\
Downloads\miratekstil
-e-commerce (5)\packa
ge-lock.json

Ôû▓ Next.js 16.1.3 (Turbopack)
- Environments: .env.local

  Creating an optimized production build ...

> Build error occurre
d
Error: Turbopack buil
d failed with 4 error
s:
./Downloads/miratekst
il-e-commerce (5)/nex
t-miratekstil/compone
nts/PaymentSuccessCon
tent.tsx:7:1
Module not found: Can
't resolve '../../../
../components/Icons'
[0m [90m  5 |[39m 
[36mimport[39m { us
eCart } [36mfrom[39
m [32m'../../../../c
omponents/Providers'
[39m[33m;[39m [90m
// Access via Provide
rs wrapper if needed,
 or direct contest[3
9m
 [90m  6 |[39m [36
mimport[39m { useCar
t [36mas[39m useCar
tDirect } [36mfrom[
39m [32m'../../../..
/context/CartContext'
[39m[33m;[39m
[31m[1m>[22m[39m
[90m  7 |[39m [36mi
mport[39m { [33mPac
kageIcon[39m[33m,[
39m [33mChevronRight
Icon[39m } [36mfrom
[39m [32m'../../../
../components/Icons'
[39m[33m;[39m
 [90m    |[39m [31
m[1m^[22m[39m[31m
[1m^[22m[39m[31m
[1m^[22m[39m[31m[
1m^[22m[39m[31m[1
m^[22m[39m[31m[1m
^[22m[39m[31m[1m^
[22m[39m[31m[1m^
[22m[39m[31m[1m^[
22m[39m[31m[1m^[2
2m[39m[31m[1m^[22
m[39m[31m[1m^[22m
[39m[31m[1m^[22m
[39m[31m[1m^[22m[
39m[31m[1m^[22m[3
9m[31m[1m^[22m[39
m[31m[1m^[22m[39m
[31m[1m^[22m[39m
[31m[1m^[22m[39m[
31m[1m^[22m[39m[3
1m[1m^[22m[39m[31
m[1m^[22m[39m[31m
[1m^[22m[39m[31m
[1m^[22m[39m[31m[
1m^[22m[39m[31m[1
m^[22m[39m[31m[1m
^[22m[39m[31m[1m^
[22m[39m[31m[1m^
[22m[39m[31m[1m^[
22m[39m[31m[1m^[2
2m[39m[31m[1m^[22
m[39m[31m[1m^[22m
[39m[31m[1m^[22m
[39m[31m[1m^[22m[
39m[31m[1m^[22m[3
9m[31m[1m^[22m[39
m[31m[1m^[22m[39m
[31m[1m^[22m[39m
[31m[1m^[22m[39m[
31m[1m^[22m[39m[3
1m[1m^[22m[39m[31
m[1m^[22m[39m[31m
[1m^[22m[39m[31m
[1m^[22m[39m[31m[
1m^[22m[39m[31m[1
m^[22m[39m[31m[1m
^[22m[39m[31m[1m^
[22m[39m[31m[1m^
[22m[39m[31m[1m^[
22m[39m[31m[1m^[2
2m[39m[31m[1m^[22
m[39m[31m[1m^[22m
[39m[31m[1m^[22m
[39m[31m[1m^[22m[
39m[31m[1m^[22m[3
9m[31m[1m^[22m[39
m[31m[1m^[22m[39m
[31m[1m^[22m[39m
[31m[1m^[22m[39m[
31m[1m^[22m[39m[3
1m[1m^[22m[39m[31
m[1m^[22m[39m[31m
[1m^[22m[39m[31m
[1m^[22m[39m[31m[
1m^[22m[39m[31m[1
m^[22m[39m[31m[1m
^[22m[39m[31m[1m^
[22m[39m[31m[1m^
[22m[39m[31m[1m^[
22m[39m[31m[1m^[2
2m[39m[31m[1m^[22
m[39m[31m[1m^[22m
[39m[31m[1m^[22m
[39m[31m[1m^[22m[
39m
 [90m  8 |[39m
 [90m  9 |[39m [36
mconst[39m [33mPaym
entSuccessPage[39m 
[33m=[39m () [33m=>
[39m {
 [90m 10 |[39m     
[36mconst[39m route
r [33m=[39m useRout
er()[33m;[39m[0m



Import trace:
  Server Component:
    ./Downloads/mirat
ekstil-e-commerce (5)
/next-miratekstil/com
ponents/PaymentSucces
sContent.tsx
    ./Downloads/mirat
ekstil-e-commerce (5)
/next-miratekstil/app
/payment/success/page
.tsx

https://nextjs.org/do
cs/messages/module-no
t-found


./Downloads/miratekst
il-e-commerce (5)/nex
t-miratekstil/compone
nts/PaymentSuccessCon
tent.tsx:6:1
Module not found: Can
't resolve '../../../
../context/CartContex
t'
[0m [90m 4 |[39m 
[36mimport[39m { use
Router[33m,[39m use
SearchParams } [36mf
rom[39m [32m'next/n
avigation'[39m[33m;
[39m
 [90m 5 |[39m [36m
import[39m { useCart
 } [36mfrom[39m [3
2m'../../../../compon
ents/Providers'[39m
[33m;[39m [90m// Ac
cess via Providers wr
apper if needed, or d
irect contest[39m
[31m[1m>[22m[39m
[90m 6 |[39m [36mim
port[39m { useCart 
[36mas[39m useCartDi
rect } [36mfrom[39m
 [32m'../../../../co
ntext/CartContext'[3
9m[33m;[39m
 [90m   |[39m [31m
[1m^[22m[39m[31m
[1m^[22m[39m[31m[
1m^[22m[39m[31m[1
m^[22m[39m[31m[1m
^[22m[39m[31m[1m^
[22m[39m[31m[1m^
[22m[39m[31m[1m^[
22m[39m[31m[1m^[2
2m[39m[31m[1m^[22
m[39m[31m[1m^[22m
[39m[31m[1m^[22m
[39m[31m[1m^[22m[
39m[31m[1m^[22m[3
9m[31m[1m^[22m[39
m[31m[1m^[22m[39m
[31m[1m^[22m[39m
[31m[1m^[22m[39m[
31m[1m^[22m[39m[3
1m[1m^[22m[39m[31
m[1m^[22m[39m[31m
[1m^[22m[39m[31m
[1m^[22m[39m[31m[
1m^[22m[39m[31m[1
m^[22m[39m[31m[1m
^[22m[39m[31m[1m^
[22m[39m[31m[1m^
[22m[39m[31m[1m^[
22m[39m[31m[1m^[2
2m[39m[31m[1m^[22
m[39m[31m[1m^[22m
[39m[31m[1m^[22m
[39m[31m[1m^[22m[
39m[31m[1m^[22m[3
9m[31m[1m^[22m[39
m[31m[1m^[22m[39m
[31m[1m^[22m[39m
[31m[1m^[22m[39m[
31m[1m^[22m[39m[3
1m[1m^[22m[39m[31
m[1m^[22m[39m[31m
[1m^[22m[39m[31m
[1m^[22m[39m[31m[
1m^[22m[39m[31m[1
m^[22m[39m[31m[1m
^[22m[39m[31m[1m^
[22m[39m[31m[1m^
[22m[39m[31m[1m^[
22m[39m[31m[1m^[2
2m[39m[31m[1m^[22
m[39m[31m[1m^[22m
[39m[31m[1m^[22m
[39m[31m[1m^[22m[
39m[31m[1m^[22m[3
9m[31m[1m^[22m[39
m[31m[1m^[22m[39m
[31m[1m^[22m[39m
[31m[1m^[22m[39m[
31m[1m^[22m[39m[3
1m[1m^[22m[39m[31
m[1m^[22m[39m[31m
[1m^[22m[39m[31m
[1m^[22m[39m[31m[
1m^[22m[39m[31m[1
m^[22m[39m[31m[1m
^[22m[39m[31m[1m^
[22m[39m[31m[1m^
[22m[39m[31m[1m^[
22m[39m[31m[1m^[2
2m[39m[31m[1m^[22
m[39m[31m[1m^[22m
[39m[31m[1m^[22m
[39m
 [90m 7 |[39m [36m
import[39m { [33mPa
ckageIcon[39m[33m,
[39m [33mChevronRigh
tIcon[39m } [36mfro
m[39m [32m'../../..
/../components/Icons'
[39m[33m;[39m
 [90m 8 |[39m
 [90m 9 |[39m [36m
const[39m [33mPayme
ntSuccessPage[39m [
33m=[39m () [33m=>
[39m {[0m



Import trace:
  Server Component:
    ./Downloads/mirat
ekstil-e-commerce (5)
/next-miratekstil/com
ponents/PaymentSucces
sContent.tsx
    ./Downloads/mirat
ekstil-e-commerce (5)
/next-miratekstil/app
/payment/success/page
.tsx

https://nextjs.org/do
cs/messages/module-no
t-found


./Downloads/miratekst
il-e-commerce (5)/nex
t-miratekstil/compone
nts/WishlistContent.t
sx:7:1
Module not found: Can
't resolve '../Icons'
[0m [90m  5 |[39m 
[36mimport[39m { us
eWishlist } [36mfrom
[39m [32m'../contex
t/WishlistContext'[3
9m[33m;[39m
 [90m  6 |[39m [36
mimport[39m [33mPro
ductCard[39m [36mfr
om[39m [32m'../Prod
uctCard'[39m[33m;[
39m [90m// Use base 
ProductCard (already 
refined)[39m
[31m[1m>[22m[39m
[90m  7 |[39m [36mi
mport[39m { [33mHea
rtIcon[39m } [36mfr
om[39m [32m'../Icon
s'[39m[33m;[39m
 [90m    |[39m [31
m[1m^[22m[39m[31m
[1m^[22m[39m[31m
[1m^[22m[39m[31m[
1m^[22m[39m[31m[1
m^[22m[39m[31m[1m
^[22m[39m[31m[1m^
[22m[39m[31m[1m^
[22m[39m[31m[1m^[
22m[39m[31m[1m^[2
2m[39m[31m[1m^[22
m[39m[31m[1m^[22m
[39m[31m[1m^[22m
[39m[31m[1m^[22m[
39m[31m[1m^[22m[3
9m[31m[1m^[22m[39
m[31m[1m^[22m[39m
[31m[1m^[22m[39m
[31m[1m^[22m[39m[
31m[1m^[22m[39m[3
1m[1m^[22m[39m[31
m[1m^[22m[39m[31m
[1m^[22m[39m[31m
[1m^[22m[39m[31m[
1m^[22m[39m[31m[1
m^[22m[39m[31m[1m
^[22m[39m[31m[1m^
[22m[39m[31m[1m^
[22m[39m[31m[1m^[
22m[39m[31m[1m^[2
2m[39m[31m[1m^[22
m[39m[31m[1m^[22m
[39m[31m[1m^[22m
[39m[31m[1m^[22m[
39m[31m[1m^[22m[3
9m[31m[1m^[22m[39
m
 [90m  8 |[39m
 [90m  9 |[39m [36
mconst[39m [33mWish
listContent[39m[33m
:[39m [33mReact[39
m[33m.[39m[33mFC[
39m [33m=[39m () [
33m=>[39m {
 [90m 10 |[39m     
[36mconst[39m { wis
hlistItems } [33m=[
39m useWishlist()[33
m;[39m[0m



Import trace:
  Server Component:
    ./Downloads/mirat
ekstil-e-commerce (5)
/next-miratekstil/com
ponents/WishlistConte
nt.tsx
    ./Downloads/mirat
ekstil-e-commerce (5)
/next-miratekstil/app
/wishlist/page.tsx

https://nextjs.org/do
cs/messages/module-no
t-found


./Downloads/miratekst
il-e-commerce (5)/nex
t-miratekstil/compone
nts/WishlistContent.t
sx:6:1
Module not found: Can
't resolve '../Produc
tCard'
[0m [90m 4 |[39m 
[36mimport[39m [33m
Link[39m [36mfrom[
39m [32m'next/link'
[39m[33m;[39m
 [90m 5 |[39m [36m
import[39m { useWish
list } [36mfrom[39m
 [32m'../context/Wis
hlistContext'[39m[3
3m;[39m
[31m[1m>[22m[39m
[90m 6 |[39m [36mim
port[39m [33mProduc
tCard[39m [36mfrom
[39m [32m'../Product
Card'[39m[33m;[39m
 [90m// Use base Pro
ductCard (already ref
ined)[39m
 [90m   |[39m [31m
[1m^[22m[39m[31m
[1m^[22m[39m[31m[
1m^[22m[39m[31m[1
m^[22m[39m[31m[1m
^[22m[39m[31m[1m^
[22m[39m[31m[1m^
[22m[39m[31m[1m^[
22m[39m[31m[1m^[2
2m[39m[31m[1m^[22
m[39m[31m[1m^[22m
[39m[31m[1m^[22m
[39m[31m[1m^[22m[
39m[31m[1m^[22m[3
9m[31m[1m^[22m[39
m[31m[1m^[22m[39m
[31m[1m^[22m[39m
[31m[1m^[22m[39m[
31m[1m^[22m[39m[3
1m[1m^[22m[39m[31
m[1m^[22m[39m[31m
[1m^[22m[39m[31m
[1m^[22m[39m[31m[
1m^[22m[39m[31m[1
m^[22m[39m[31m[1m
^[22m[39m[31m[1m^
[22m[39m[31m[1m^
[22m[39m[31m[1m^[
22m[39m[31m[1m^[2
2m[39m[31m[1m^[22
m[39m[31m[1m^[22m
[39m[31m[1m^[22m
[39m[31m[1m^[22m[
39m[31m[1m^[22m[3
9m[31m[1m^[22m[39
m[31m[1m^[22m[39m
[31m[1m^[22m[39m
[31m[1m^[22m[39m[
31m[1m^[22m[39m[3
1m[1m^[22m[39m
 [90m 7 |[39m [36m
import[39m { [33mHe
artIcon[39m } [36mf
rom[39m [32m'../Ico
ns'[39m[33m;[39m
 [90m 8 |[39m
 [90m 9 |[39m [36m
const[39m [33mWishl
istContent[39m[33m:
[39m [33mReact[39m
[33m.[39m[33mFC[3
9m [33m=[39m () [3
3m=>[39m {[0m



Import trace:
  Server Component:
    ./Downloads/mirat
ekstil-e-commerce (5)
/next-miratekstil/com
ponents/WishlistConte
nt.tsx
    ./Downloads/mirat
ekstil-e-commerce (5)
/next-miratekstil/app
/wishlist/page.tsx

https://nextjs.org/do
cs/messages/module-no
t-found


    at <unknown> (./D
ownloads/miratekstil-
e-commerce (5)/next-m
iratekstil/components
/PaymentSuccessConten
t.tsx:7:1)
    at <unknown> (htt
ps://nextjs.org/docs/
messages/module-not-f
ound)
    at <unknown> (./D
ownloads/miratekstil-
e-commerce (5)/next-m
iratekstil/components
/PaymentSuccessConten
t.tsx:6:1)
    at <unknown> (htt
ps://nextjs.org/docs/
messages/module-not-f
ound)
    at <unknown> (./D
ownloads/miratekstil-
e-commerce (5)/next-m
iratekstil/components
/WishlistContent.tsx:
7:1)
    at <unknown> (htt
ps://nextjs.org/docs/
messages/module-not-f
ound)
    at <unknown> (./D
ownloads/miratekstil-
e-commerce (5)/next-m
iratekstil/components
/WishlistContent.tsx:
6:1)
    at <unknown> (htt
ps://nextjs.org/docs/
messages/module-not-f
ound)
